// Jest Snapshot v1, https://goo.gl/fbAQLP

exports[`address autocomplete component datasource should return one element 1`] = `
Array [
  <Option
    value="1"
>
    john doe, foo, bar
</Option>,
]
`;
