// Jest Snapshot v1, https://goo.gl/fbAQLP

exports[`<NewLegalEntity /> should render properly 1`] = `
<LayoutWrapper
  style={
    Object {
      "minHeight": "100vh",
    }
  }
>
  <LayoutContent>
    <h1>
      Legal entities
    </h1>
    <ButtonList
      buttons={
        Array [
          Object {
            "link": "/dashboard/legal_entities",
            "title": "Go back",
          },
        ]
      }
    />
    <ReduxFormWrapper
      onSubmit={[Function]}
    />
  </LayoutContent>
</LayoutWrapper>
`;
