// Jest Snapshot v1, https://goo.gl/fbAQLP

exports[`<WarehouseForm /> should render properly 1`] = `
<Form
  hideRequiredMark={false}
  layout="horizontal"
  onSubmit={[Function]}
  prefixCls="ant-form"
>
  <Field
    component={[Function]}
    label="Name"
    name="name"
    required={true}
    validate={
      Array [
        [Function],
      ]
    }
  />
  <Field
    component={[Function]}
    label="Export class"
    name="export_class"
    required={true}
    validate={
      Array [
        [Function],
      ]
    }
  />
  <FormDivider />
  <Field
    component={[Function]}
    name="options"
    required={true}
    validate={
      Array [
        [Function],
      ]
    }
  />
  <FormDivider />
  <FormSubmit />
</Form>
`;
